  Geri y├╝klenecek projeler belirleniyor...
  Geri y├╝kleme i├ğin t├╝m projeler g├╝ncel.
C:\Users\90552\Desktop\CSharp ve Asp.NetCore UYGULAMARI\ApiProjeKampi\ApiProjeKampi\ApiProjeKampi.WebApi\Dtos\ReservationDtos\CreateReservationDto.cs(12,22): warning CS8632: Bo┼ş de─şer atanabilir ba┼şvuru t├╝rleri i├ğin ek a├ğ─▒klama kodda yaln─▒zca bir '#nullable' ek a├ğ─▒klama ba─şlam─▒ i├ğinde kullan─▒lmal─▒d─▒r. [C:\Users\90552\Desktop\CSharp ve Asp.NetCore UYGULAMARI\ApiProjeKampi\ApiProjeKampi\ApiProjeKampi.WebApi\ApiProjeKampi.WebApi.csproj]
C:\Users\90552\Desktop\CSharp ve Asp.NetCore UYGULAMARI\ApiProjeKampi\ApiProjeKampi\ApiProjeKampi.WebApi\Entities\GroupReservation.cs(14,22): warning CS8632: Bo┼ş de─şer atanabilir ba┼şvuru t├╝rleri i├ğin ek a├ğ─▒klama kodda yaln─▒zca bir '#nullable' ek a├ğ─▒klama ba─şlam─▒ i├ğinde kullan─▒lmal─▒d─▒r. [C:\Users\90552\Desktop\CSharp ve Asp.NetCore UYGULAMARI\ApiProjeKampi\ApiProjeKampi\ApiProjeKampi.WebApi\ApiProjeKampi.WebApi.csproj]
C:\Users\90552\Desktop\CSharp ve Asp.NetCore UYGULAMARI\ApiProjeKampi\ApiProjeKampi\ApiProjeKampi.WebApi\Entities\Message.cs(12,22): warning CS8632: Bo┼ş de─şer atanabilir ba┼şvuru t├╝rleri i├ğin ek a├ğ─▒klama kodda yaln─▒zca bir '#nullable' ek a├ğ─▒klama ba─şlam─▒ i├ğinde kullan─▒lmal─▒d─▒r. [C:\Users\90552\Desktop\CSharp ve Asp.NetCore UYGULAMARI\ApiProjeKampi\ApiProjeKampi\ApiProjeKampi.WebApi\ApiProjeKampi.WebApi.csproj]
C:\Users\90552\Desktop\CSharp ve Asp.NetCore UYGULAMARI\ApiProjeKampi\ApiProjeKampi\ApiProjeKampi.WebApi\Entities\Reservation.cs(12,22): warning CS8632: Bo┼ş de─şer atanabilir ba┼şvuru t├╝rleri i├ğin ek a├ğ─▒klama kodda yaln─▒zca bir '#nullable' ek a├ğ─▒klama ba─şlam─▒ i├ğinde kullan─▒lmal─▒d─▒r. [C:\Users\90552\Desktop\CSharp ve Asp.NetCore UYGULAMARI\ApiProjeKampi\ApiProjeKampi\ApiProjeKampi.WebApi\ApiProjeKampi.WebApi.csproj]
  ApiProjeKampi.WebApi -> C:\Users\90552\Desktop\CSharp ve Asp.NetCore UYGULAMARI\ApiProjeKampi\ApiProjeKampi\ApiProjeKampi.WebApi\bin\Debug\net6.0\ApiProjeKampi.WebApi.dll
C:\Users\90552\Desktop\CSharp ve Asp.NetCore UYGULAMARI\ApiProjeKampi\ApiProjeKampi\ApiProjeKampi.WebUI\Views\About\AboutList.cshtml(1,3): error RZ2005: The 'model` directive must appear at the start of the line. [C:\Users\90552\Desktop\CSharp ve Asp.NetCore UYGULAMARI\ApiProjeKampi\ApiProjeKampi\ApiProjeKampi.WebUI\ApiProjeKampi.WebUI.csproj]
C:\Users\90552\Desktop\CSharp ve Asp.NetCore UYGULAMARI\ApiProjeKampi\ApiProjeKampi\ApiProjeKampi.WebUI\Views\Category\CategoryList.cshtml(1,3): error RZ2005: The 'model` directive must appear at the start of the line. [C:\Users\90552\Desktop\CSharp ve Asp.NetCore UYGULAMARI\ApiProjeKampi\ApiProjeKampi\ApiProjeKampi.WebUI\ApiProjeKampi.WebUI.csproj]
C:\Users\90552\Desktop\CSharp ve Asp.NetCore UYGULAMARI\ApiProjeKampi\ApiProjeKampi\ApiProjeKampi.WebUI\Views\Feature\FeatureList.cshtml(1,3): error RZ2005: The 'model` directive must appear at the start of the line. [C:\Users\90552\Desktop\CSharp ve Asp.NetCore UYGULAMARI\ApiProjeKampi\ApiProjeKampi\ApiProjeKampi.WebUI\ApiProjeKampi.WebUI.csproj]
C:\Users\90552\Desktop\CSharp ve Asp.NetCore UYGULAMARI\ApiProjeKampi\ApiProjeKampi\ApiProjeKampi.WebUI\Views\Product\ProductList.cshtml(1,3): error RZ2005: The 'model` directive must appear at the start of the line. [C:\Users\90552\Desktop\CSharp ve Asp.NetCore UYGULAMARI\ApiProjeKampi\ApiProjeKampi\ApiProjeKampi.WebUI\ApiProjeKampi.WebUI.csproj]
C:\Users\90552\Desktop\CSharp ve Asp.NetCore UYGULAMARI\ApiProjeKampi\ApiProjeKampi\ApiProjeKampi.WebUI\Views\Testimonial\TestimonialList.cshtml(1,3): error RZ2005: The 'model` directive must appear at the start of the line. [C:\Users\90552\Desktop\CSharp ve Asp.NetCore UYGULAMARI\ApiProjeKampi\ApiProjeKampi\ApiProjeKampi.WebUI\ApiProjeKampi.WebUI.csproj]
C:\Users\90552\Desktop\CSharp ve Asp.NetCore UYGULAMARI\ApiProjeKampi\ApiProjeKampi\ApiProjeKampi.WebUI\Views\WhyChooseYummy\WhyChooseYummyList.cshtml(1,3): error RZ2005: The 'model` directive must appear at the start of the line. [C:\Users\90552\Desktop\CSharp ve Asp.NetCore UYGULAMARI\ApiProjeKampi\ApiProjeKampi\ApiProjeKampi.WebUI\ApiProjeKampi.WebUI.csproj]
C:\Users\90552\Desktop\CSharp ve Asp.NetCore UYGULAMARI\ApiProjeKampi\ApiProjeKampi\ApiProjeKampi.WebUI\Models\ErrorViewModel.cs(5,22): warning CS8632: Bo┼ş de─şer atanabilir ba┼şvuru t├╝rleri i├ğin ek a├ğ─▒klama kodda yaln─▒zca bir '#nullable' ek a├ğ─▒klama ba─şlam─▒ i├ğinde kullan─▒lmal─▒d─▒r. [C:\Users\90552\Desktop\CSharp ve Asp.NetCore UYGULAMARI\ApiProjeKampi\ApiProjeKampi\ApiProjeKampi.WebUI\ApiProjeKampi.WebUI.csproj]
C:\Users\90552\Desktop\CSharp ve Asp.NetCore UYGULAMARI\ApiProjeKampi\ApiProjeKampi\ApiProjeKampi.WebUI\Models\ChatHub.cs(43,59): warning CS8632: Bo┼ş de─şer atanabilir ba┼şvuru t├╝rleri i├ğin ek a├ğ─▒klama kodda yaln─▒zca bir '#nullable' ek a├ğ─▒klama ba─şlam─▒ i├ğinde kullan─▒lmal─▒d─▒r. [C:\Users\90552\Desktop\CSharp ve Asp.NetCore UYGULAMARI\ApiProjeKampi\ApiProjeKampi\ApiProjeKampi.WebUI\ApiProjeKampi.WebUI.csproj]
C:\Users\90552\Desktop\CSharp ve Asp.NetCore UYGULAMARI\ApiProjeKampi\ApiProjeKampi\ApiProjeKampi.WebUI\Models\ChatHub.cs(136,62): warning CS8632: Bo┼ş de─şer atanabilir ba┼şvuru t├╝rleri i├ğin ek a├ğ─▒klama kodda yaln─▒zca bir '#nullable' ek a├ğ─▒klama ba─şlam─▒ i├ğinde kullan─▒lmal─▒d─▒r. [C:\Users\90552\Desktop\CSharp ve Asp.NetCore UYGULAMARI\ApiProjeKampi\ApiProjeKampi\ApiProjeKampi.WebUI\ApiProjeKampi.WebUI.csproj]
C:\Users\90552\Desktop\CSharp ve Asp.NetCore UYGULAMARI\ApiProjeKampi\ApiProjeKampi\ApiProjeKampi.WebUI\Models\ChatHub.cs(144,53): warning CS8632: Bo┼ş de─şer atanabilir ba┼şvuru t├╝rleri i├ğin ek a├ğ─▒klama kodda yaln─▒zca bir '#nullable' ek a├ğ─▒klama ba─şlam─▒ i├ğinde kullan─▒lmal─▒d─▒r. [C:\Users\90552\Desktop\CSharp ve Asp.NetCore UYGULAMARI\ApiProjeKampi\ApiProjeKampi\ApiProjeKampi.WebUI\ApiProjeKampi.WebUI.csproj]
C:\Users\90552\Desktop\CSharp ve Asp.NetCore UYGULAMARI\ApiProjeKampi\ApiProjeKampi\ApiProjeKampi.WebUI\Models\ChatHub.cs(145,62): warning CS8632: Bo┼ş de─şer atanabilir ba┼şvuru t├╝rleri i├ğin ek a├ğ─▒klama kodda yaln─▒zca bir '#nullable' ek a├ğ─▒klama ba─şlam─▒ i├ğinde kullan─▒lmal─▒d─▒r. [C:\Users\90552\Desktop\CSharp ve Asp.NetCore UYGULAMARI\ApiProjeKampi\ApiProjeKampi\ApiProjeKampi.WebUI\ApiProjeKampi.WebUI.csproj]
C:\Users\90552\Desktop\CSharp ve Asp.NetCore UYGULAMARI\ApiProjeKampi\ApiProjeKampi\ApiProjeKampi.WebUI\Models\ChatHub.cs(151,56): warning CS8632: Bo┼ş de─şer atanabilir ba┼şvuru t├╝rleri i├ğin ek a├ğ─▒klama kodda yaln─▒zca bir '#nullable' ek a├ğ─▒klama ba─şlam─▒ i├ğinde kullan─▒lmal─▒d─▒r. [C:\Users\90552\Desktop\CSharp ve Asp.NetCore UYGULAMARI\ApiProjeKampi\ApiProjeKampi\ApiProjeKampi.WebUI\ApiProjeKampi.WebUI.csproj]
C:\Users\90552\Desktop\CSharp ve Asp.NetCore UYGULAMARI\ApiProjeKampi\ApiProjeKampi\ApiProjeKampi.WebUI\Models\ChatHub.cs(152,53): warning CS8632: Bo┼ş de─şer atanabilir ba┼şvuru t├╝rleri i├ğin ek a├ğ─▒klama kodda yaln─▒zca bir '#nullable' ek a├ğ─▒klama ba─şlam─▒ i├ğinde kullan─▒lmal─▒d─▒r. [C:\Users\90552\Desktop\CSharp ve Asp.NetCore UYGULAMARI\ApiProjeKampi\ApiProjeKampi\ApiProjeKampi.WebUI\ApiProjeKampi.WebUI.csproj]
C:\Users\90552\Desktop\CSharp ve Asp.NetCore UYGULAMARI\ApiProjeKampi\ApiProjeKampi\ApiProjeKampi.WebUI\Dtos\ReservationDtos\CreateReservationDto.cs(13,22): warning CS8632: Bo┼ş de─şer atanabilir ba┼şvuru t├╝rleri i├ğin ek a├ğ─▒klama kodda yaln─▒zca bir '#nullable' ek a├ğ─▒klama ba─şlam─▒ i├ğinde kullan─▒lmal─▒d─▒r. [C:\Users\90552\Desktop\CSharp ve Asp.NetCore UYGULAMARI\ApiProjeKampi\ApiProjeKampi\ApiProjeKampi.WebUI\ApiProjeKampi.WebUI.csproj]
C:\Users\90552\Desktop\CSharp ve Asp.NetCore UYGULAMARI\ApiProjeKampi\ApiProjeKampi\ApiProjeKampi.WebUI\Dtos\ReservationDtos\CreateReservationDto.cs(16,22): warning CS8632: Bo┼ş de─şer atanabilir ba┼şvuru t├╝rleri i├ğin ek a├ğ─▒klama kodda yaln─▒zca bir '#nullable' ek a├ğ─▒klama ba─şlam─▒ i├ğinde kullan─▒lmal─▒d─▒r. [C:\Users\90552\Desktop\CSharp ve Asp.NetCore UYGULAMARI\ApiProjeKampi\ApiProjeKampi\ApiProjeKampi.WebUI\ApiProjeKampi.WebUI.csproj]
C:\Users\90552\Desktop\CSharp ve Asp.NetCore UYGULAMARI\ApiProjeKampi\ApiProjeKampi\ApiProjeKampi.WebUI\Views\_ViewImports.cshtml(12,8): warning CS0105: 'ApiProjeKampi.WebUI.Dtos.ChefDtos' i├ğin using y├Ânergesi bu ad alan─▒nda daha ├Ânce g├Âr├╝nd├╝ [C:\Users\90552\Desktop\CSharp ve Asp.NetCore UYGULAMARI\ApiProjeKampi\ApiProjeKampi\ApiProjeKampi.WebUI\ApiProjeKampi.WebUI.csproj]
C:\Users\90552\Desktop\CSharp ve Asp.NetCore UYGULAMARI\ApiProjeKampi\ApiProjeKampi\ApiProjeKampi.WebUI\ViewComponents\DashboardsViewComponents\_DashboardEmployeeTaskComponentPartial.cs(14,49): warning CS1998: Bu zaman uyumsuz y├Ântemde 'await' i┼şle├ğleri yok ve zaman uyumlu ├ğal─▒┼şacak. 'await' i┼şlecini kullanarak engelleyici olmayan API ├ğa─şr─▒lar─▒n─▒ beklemeyi veya 'await Task.Run(...)' kullanarak bir arka plan i┼ş par├ğac─▒─ş─▒nda CPU ba─şlant─▒l─▒ i┼ş yapmay─▒ d├╝┼ş├╝n├╝n. [C:\Users\90552\Desktop\CSharp ve Asp.NetCore UYGULAMARI\ApiProjeKampi\ApiProjeKampi\ApiProjeKampi.WebUI\ApiProjeKampi.WebUI.csproj]

Olu┼şturma BA┼ŞARISIZ OLDU.

C:\Users\90552\Desktop\CSharp ve Asp.NetCore UYGULAMARI\ApiProjeKampi\ApiProjeKampi\ApiProjeKampi.WebApi\Dtos\ReservationDtos\CreateReservationDto.cs(12,22): warning CS8632: Bo┼ş de─şer atanabilir ba┼şvuru t├╝rleri i├ğin ek a├ğ─▒klama kodda yaln─▒zca bir '#nullable' ek a├ğ─▒klama ba─şlam─▒ i├ğinde kullan─▒lmal─▒d─▒r. [C:\Users\90552\Desktop\CSharp ve Asp.NetCore UYGULAMARI\ApiProjeKampi\ApiProjeKampi\ApiProjeKampi.WebApi\ApiProjeKampi.WebApi.csproj]
C:\Users\90552\Desktop\CSharp ve Asp.NetCore UYGULAMARI\ApiProjeKampi\ApiProjeKampi\ApiProjeKampi.WebApi\Entities\GroupReservation.cs(14,22): warning CS8632: Bo┼ş de─şer atanabilir ba┼şvuru t├╝rleri i├ğin ek a├ğ─▒klama kodda yaln─▒zca bir '#nullable' ek a├ğ─▒klama ba─şlam─▒ i├ğinde kullan─▒lmal─▒d─▒r. [C:\Users\90552\Desktop\CSharp ve Asp.NetCore UYGULAMARI\ApiProjeKampi\ApiProjeKampi\ApiProjeKampi.WebApi\ApiProjeKampi.WebApi.csproj]
C:\Users\90552\Desktop\CSharp ve Asp.NetCore UYGULAMARI\ApiProjeKampi\ApiProjeKampi\ApiProjeKampi.WebApi\Entities\Message.cs(12,22): warning CS8632: Bo┼ş de─şer atanabilir ba┼şvuru t├╝rleri i├ğin ek a├ğ─▒klama kodda yaln─▒zca bir '#nullable' ek a├ğ─▒klama ba─şlam─▒ i├ğinde kullan─▒lmal─▒d─▒r. [C:\Users\90552\Desktop\CSharp ve Asp.NetCore UYGULAMARI\ApiProjeKampi\ApiProjeKampi\ApiProjeKampi.WebApi\ApiProjeKampi.WebApi.csproj]
C:\Users\90552\Desktop\CSharp ve Asp.NetCore UYGULAMARI\ApiProjeKampi\ApiProjeKampi\ApiProjeKampi.WebApi\Entities\Reservation.cs(12,22): warning CS8632: Bo┼ş de─şer atanabilir ba┼şvuru t├╝rleri i├ğin ek a├ğ─▒klama kodda yaln─▒zca bir '#nullable' ek a├ğ─▒klama ba─şlam─▒ i├ğinde kullan─▒lmal─▒d─▒r. [C:\Users\90552\Desktop\CSharp ve Asp.NetCore UYGULAMARI\ApiProjeKampi\ApiProjeKampi\ApiProjeKampi.WebApi\ApiProjeKampi.WebApi.csproj]
C:\Users\90552\Desktop\CSharp ve Asp.NetCore UYGULAMARI\ApiProjeKampi\ApiProjeKampi\ApiProjeKampi.WebUI\Models\ErrorViewModel.cs(5,22): warning CS8632: Bo┼ş de─şer atanabilir ba┼şvuru t├╝rleri i├ğin ek a├ğ─▒klama kodda yaln─▒zca bir '#nullable' ek a├ğ─▒klama ba─şlam─▒ i├ğinde kullan─▒lmal─▒d─▒r. [C:\Users\90552\Desktop\CSharp ve Asp.NetCore UYGULAMARI\ApiProjeKampi\ApiProjeKampi\ApiProjeKampi.WebUI\ApiProjeKampi.WebUI.csproj]
C:\Users\90552\Desktop\CSharp ve Asp.NetCore UYGULAMARI\ApiProjeKampi\ApiProjeKampi\ApiProjeKampi.WebUI\Models\ChatHub.cs(43,59): warning CS8632: Bo┼ş de─şer atanabilir ba┼şvuru t├╝rleri i├ğin ek a├ğ─▒klama kodda yaln─▒zca bir '#nullable' ek a├ğ─▒klama ba─şlam─▒ i├ğinde kullan─▒lmal─▒d─▒r. [C:\Users\90552\Desktop\CSharp ve Asp.NetCore UYGULAMARI\ApiProjeKampi\ApiProjeKampi\ApiProjeKampi.WebUI\ApiProjeKampi.WebUI.csproj]
C:\Users\90552\Desktop\CSharp ve Asp.NetCore UYGULAMARI\ApiProjeKampi\ApiProjeKampi\ApiProjeKampi.WebUI\Models\ChatHub.cs(136,62): warning CS8632: Bo┼ş de─şer atanabilir ba┼şvuru t├╝rleri i├ğin ek a├ğ─▒klama kodda yaln─▒zca bir '#nullable' ek a├ğ─▒klama ba─şlam─▒ i├ğinde kullan─▒lmal─▒d─▒r. [C:\Users\90552\Desktop\CSharp ve Asp.NetCore UYGULAMARI\ApiProjeKampi\ApiProjeKampi\ApiProjeKampi.WebUI\ApiProjeKampi.WebUI.csproj]
C:\Users\90552\Desktop\CSharp ve Asp.NetCore UYGULAMARI\ApiProjeKampi\ApiProjeKampi\ApiProjeKampi.WebUI\Models\ChatHub.cs(144,53): warning CS8632: Bo┼ş de─şer atanabilir ba┼şvuru t├╝rleri i├ğin ek a├ğ─▒klama kodda yaln─▒zca bir '#nullable' ek a├ğ─▒klama ba─şlam─▒ i├ğinde kullan─▒lmal─▒d─▒r. [C:\Users\90552\Desktop\CSharp ve Asp.NetCore UYGULAMARI\ApiProjeKampi\ApiProjeKampi\ApiProjeKampi.WebUI\ApiProjeKampi.WebUI.csproj]
C:\Users\90552\Desktop\CSharp ve Asp.NetCore UYGULAMARI\ApiProjeKampi\ApiProjeKampi\ApiProjeKampi.WebUI\Models\ChatHub.cs(145,62): warning CS8632: Bo┼ş de─şer atanabilir ba┼şvuru t├╝rleri i├ğin ek a├ğ─▒klama kodda yaln─▒zca bir '#nullable' ek a├ğ─▒klama ba─şlam─▒ i├ğinde kullan─▒lmal─▒d─▒r. [C:\Users\90552\Desktop\CSharp ve Asp.NetCore UYGULAMARI\ApiProjeKampi\ApiProjeKampi\ApiProjeKampi.WebUI\ApiProjeKampi.WebUI.csproj]
C:\Users\90552\Desktop\CSharp ve Asp.NetCore UYGULAMARI\ApiProjeKampi\ApiProjeKampi\ApiProjeKampi.WebUI\Models\ChatHub.cs(151,56): warning CS8632: Bo┼ş de─şer atanabilir ba┼şvuru t├╝rleri i├ğin ek a├ğ─▒klama kodda yaln─▒zca bir '#nullable' ek a├ğ─▒klama ba─şlam─▒ i├ğinde kullan─▒lmal─▒d─▒r. [C:\Users\90552\Desktop\CSharp ve Asp.NetCore UYGULAMARI\ApiProjeKampi\ApiProjeKampi\ApiProjeKampi.WebUI\ApiProjeKampi.WebUI.csproj]
C:\Users\90552\Desktop\CSharp ve Asp.NetCore UYGULAMARI\ApiProjeKampi\ApiProjeKampi\ApiProjeKampi.WebUI\Models\ChatHub.cs(152,53): warning CS8632: Bo┼ş de─şer atanabilir ba┼şvuru t├╝rleri i├ğin ek a├ğ─▒klama kodda yaln─▒zca bir '#nullable' ek a├ğ─▒klama ba─şlam─▒ i├ğinde kullan─▒lmal─▒d─▒r. [C:\Users\90552\Desktop\CSharp ve Asp.NetCore UYGULAMARI\ApiProjeKampi\ApiProjeKampi\ApiProjeKampi.WebUI\ApiProjeKampi.WebUI.csproj]
C:\Users\90552\Desktop\CSharp ve Asp.NetCore UYGULAMARI\ApiProjeKampi\ApiProjeKampi\ApiProjeKampi.WebUI\Dtos\ReservationDtos\CreateReservationDto.cs(13,22): warning CS8632: Bo┼ş de─şer atanabilir ba┼şvuru t├╝rleri i├ğin ek a├ğ─▒klama kodda yaln─▒zca bir '#nullable' ek a├ğ─▒klama ba─şlam─▒ i├ğinde kullan─▒lmal─▒d─▒r. [C:\Users\90552\Desktop\CSharp ve Asp.NetCore UYGULAMARI\ApiProjeKampi\ApiProjeKampi\ApiProjeKampi.WebUI\ApiProjeKampi.WebUI.csproj]
C:\Users\90552\Desktop\CSharp ve Asp.NetCore UYGULAMARI\ApiProjeKampi\ApiProjeKampi\ApiProjeKampi.WebUI\Dtos\ReservationDtos\CreateReservationDto.cs(16,22): warning CS8632: Bo┼ş de─şer atanabilir ba┼şvuru t├╝rleri i├ğin ek a├ğ─▒klama kodda yaln─▒zca bir '#nullable' ek a├ğ─▒klama ba─şlam─▒ i├ğinde kullan─▒lmal─▒d─▒r. [C:\Users\90552\Desktop\CSharp ve Asp.NetCore UYGULAMARI\ApiProjeKampi\ApiProjeKampi\ApiProjeKampi.WebUI\ApiProjeKampi.WebUI.csproj]
C:\Users\90552\Desktop\CSharp ve Asp.NetCore UYGULAMARI\ApiProjeKampi\ApiProjeKampi\ApiProjeKampi.WebUI\Views\_ViewImports.cshtml(12,8): warning CS0105: 'ApiProjeKampi.WebUI.Dtos.ChefDtos' i├ğin using y├Ânergesi bu ad alan─▒nda daha ├Ânce g├Âr├╝nd├╝ [C:\Users\90552\Desktop\CSharp ve Asp.NetCore UYGULAMARI\ApiProjeKampi\ApiProjeKampi\ApiProjeKampi.WebUI\ApiProjeKampi.WebUI.csproj]
C:\Users\90552\Desktop\CSharp ve Asp.NetCore UYGULAMARI\ApiProjeKampi\ApiProjeKampi\ApiProjeKampi.WebUI\ViewComponents\DashboardsViewComponents\_DashboardEmployeeTaskComponentPartial.cs(14,49): warning CS1998: Bu zaman uyumsuz y├Ântemde 'await' i┼şle├ğleri yok ve zaman uyumlu ├ğal─▒┼şacak. 'await' i┼şlecini kullanarak engelleyici olmayan API ├ğa─şr─▒lar─▒n─▒ beklemeyi veya 'await Task.Run(...)' kullanarak bir arka plan i┼ş par├ğac─▒─ş─▒nda CPU ba─şlant─▒l─▒ i┼ş yapmay─▒ d├╝┼ş├╝n├╝n. [C:\Users\90552\Desktop\CSharp ve Asp.NetCore UYGULAMARI\ApiProjeKampi\ApiProjeKampi\ApiProjeKampi.WebUI\ApiProjeKampi.WebUI.csproj]
C:\Users\90552\Desktop\CSharp ve Asp.NetCore UYGULAMARI\ApiProjeKampi\ApiProjeKampi\ApiProjeKampi.WebUI\Views\About\AboutList.cshtml(1,3): error RZ2005: The 'model` directive must appear at the start of the line. [C:\Users\90552\Desktop\CSharp ve Asp.NetCore UYGULAMARI\ApiProjeKampi\ApiProjeKampi\ApiProjeKampi.WebUI\ApiProjeKampi.WebUI.csproj]
C:\Users\90552\Desktop\CSharp ve Asp.NetCore UYGULAMARI\ApiProjeKampi\ApiProjeKampi\ApiProjeKampi.WebUI\Views\Category\CategoryList.cshtml(1,3): error RZ2005: The 'model` directive must appear at the start of the line. [C:\Users\90552\Desktop\CSharp ve Asp.NetCore UYGULAMARI\ApiProjeKampi\ApiProjeKampi\ApiProjeKampi.WebUI\ApiProjeKampi.WebUI.csproj]
C:\Users\90552\Desktop\CSharp ve Asp.NetCore UYGULAMARI\ApiProjeKampi\ApiProjeKampi\ApiProjeKampi.WebUI\Views\Feature\FeatureList.cshtml(1,3): error RZ2005: The 'model` directive must appear at the start of the line. [C:\Users\90552\Desktop\CSharp ve Asp.NetCore UYGULAMARI\ApiProjeKampi\ApiProjeKampi\ApiProjeKampi.WebUI\ApiProjeKampi.WebUI.csproj]
C:\Users\90552\Desktop\CSharp ve Asp.NetCore UYGULAMARI\ApiProjeKampi\ApiProjeKampi\ApiProjeKampi.WebUI\Views\Product\ProductList.cshtml(1,3): error RZ2005: The 'model` directive must appear at the start of the line. [C:\Users\90552\Desktop\CSharp ve Asp.NetCore UYGULAMARI\ApiProjeKampi\ApiProjeKampi\ApiProjeKampi.WebUI\ApiProjeKampi.WebUI.csproj]
C:\Users\90552\Desktop\CSharp ve Asp.NetCore UYGULAMARI\ApiProjeKampi\ApiProjeKampi\ApiProjeKampi.WebUI\Views\Testimonial\TestimonialList.cshtml(1,3): error RZ2005: The 'model` directive must appear at the start of the line. [C:\Users\90552\Desktop\CSharp ve Asp.NetCore UYGULAMARI\ApiProjeKampi\ApiProjeKampi\ApiProjeKampi.WebUI\ApiProjeKampi.WebUI.csproj]
C:\Users\90552\Desktop\CSharp ve Asp.NetCore UYGULAMARI\ApiProjeKampi\ApiProjeKampi\ApiProjeKampi.WebUI\Views\WhyChooseYummy\WhyChooseYummyList.cshtml(1,3): error RZ2005: The 'model` directive must appear at the start of the line. [C:\Users\90552\Desktop\CSharp ve Asp.NetCore UYGULAMARI\ApiProjeKampi\ApiProjeKampi\ApiProjeKampi.WebUI\ApiProjeKampi.WebUI.csproj]
    15 Uyar─▒
    6 Hata

Ge├ğen S├╝re 00:00:04.77

─░┼ş y├╝k├╝ g├╝ncelle┼ştirmeleri var. Daha fazla bilgi i├ğin `dotnet workload list` ├ğal─▒┼şt─▒r─▒n.
